==> Creating kind cluster 'chart-test-swarm-c2fail' (provider=kind)
Creating cluster "chart-test-swarm-c2fail" ...
 • Ensuring node image (kindest/node:v1.30.0) 🖼  ...
 ✓ Ensuring node image (kindest/node:v1.30.0) 🖼
 • Preparing nodes 📦   ...
 ✓ Preparing nodes 📦 
 • Writing configuration 📜  ...
 ✓ Writing configuration 📜
 • Starting control-plane 🕹️  ...
 ✓ Starting control-plane 🕹️
 • Installing CNI 🔌  ...
 ✓ Installing CNI 🔌
 • Installing StorageClass 💾  ...
 ✓ Installing StorageClass 💾
 • Waiting ≤ 1m0s for control-plane = Ready ⏳  ...
 ✓ Waiting ≤ 1m0s for control-plane = Ready ⏳
 • Ready after 16s 💚
Set kubectl context to "kind-chart-test-swarm-c2fail"
You can now use your cluster with:

kubectl cluster-info --context kind-chart-test-swarm-c2fail

Have a question, bug, or feature request? Let us know! https://kind.sigs.k8s.io/#community 🙂
==> Cluster nodes:
NAME                                    STATUS   ROLES           AGE   VERSION
chart-test-swarm-c2fail-control-plane   Ready    control-plane   19s   v1.30.0
==> OK: kind-chart-test-swarm-c2fail ready
==> Note: kubeconfig context set to 'kind-chart-test-swarm-c2fail' (context restore deferred to caller).
